// Jest Snapshot v1, https://goo.gl/fbAQLP

exports[`Buttons should match the snapshot 1`] = `
<div
  className="control-div"
>
  <div
    className="button-div"
  >
    <button
      className="people-btn"
      onClick={[MockFunction]}
    />
    <p>
      People
    </p>
  </div>
  <div
    className="button-div"
  >
    <button
      className="planets-btn"
      onClick={[MockFunction]}
    />
    <p>
      Planets
    </p>
  </div>
  <div
    className="button-div"
  >
    <button
      className="vehicles-btn"
      onClick={[MockFunction]}
    />
    <p>
      Vehicles
    </p>
  </div>
  <div
    className="button-div"
  >
    <button
      className="favorites-btn"
    />
    <p>
      Favorites
    </p>
  </div>
</div>
`;
