// Jest Snapshot v1, https://goo.gl/fbAQLP

exports[`Buttons should match the snapshot 1`] = `
<div
  className="button-div"
>
  <button
    className="people-btn"
    onClick={[MockFunction]}
  >
    People
  </button>
  <button
    className="planets-btn"
    onClick={[MockFunction]}
  >
    Planets
  </button>
  <button
    className="vehicles-btn"
  >
    Vehicles
  </button>
  <button>
    Favorites
  </button>
</div>
`;
